Requirement already satisfied: pip in C:\Users\user\.workbuddy\binaries\python\envs\default\Lib\site-packages (26.1.2)
Collecting pip
  Using cached pip-26.2.1-py3-none-any.whl.metadata (4.6 kB)
Using cached pip-26.2.1-py3-none-any.whl (1.8 MB)
Installing collected packages: pip
  Attempting uninstall: pip
    Found existing installation: pip 26.1.2
    Uninstalling pip-26.1.2:
      Successfully uninstalled pip-26.1.2
Successfully installed pip-26.2.1
Collecting matplotlib
  Downloading matplotlib-3.11.2-cp313-cp313-win_amd64.whl.metadata (80 kB)
Collecting openpyxl
  Using cached openpyxl-3.1.5-py2.py3-none-any.whl.metadata (2.5 kB)
Collecting contourpy>=1.0.1 (from matplotlib)
  Downloading contourpy-1.4.0-cp313-cp313-win_amd64.whl.metadata (3.8 kB)
Collecting cycler>=0.10 (from matplotlib)
  Using cached cycler-0.12.1-py3-none-any.whl.metadata (3.8 kB)
Collecting fonttools>=4.28.2 (from matplotlib)
  Downloading fonttools-4.65.0-cp313-cp313-win_amd64.whl.metadata (127 kB)
Collecting kiwisolver>=1.3.1 (from matplotlib)
  Downloading kiwisolver-1.5.1-cp313-cp313-win_amd64.whl.metadata (5.2 kB)
Collecting numpy>=1.25 (from matplotlib)
  Downloading numpy-2.5.3-cp313-cp313-win_amd64.whl.metadata (6.6 kB)
Collecting packaging>=20.0 (from matplotlib)
  Using cached packaging-26.3-py3-none-any.whl.metadata (3.5 kB)
Requirement already satisfied: pillow>=9 in C:\Users\user\.workbuddy\binaries\python\envs\default\Lib\site-packages (from matplotlib) (12.3.0)
Collecting pyparsing>=3 (from matplotlib)
  Using cached pyparsing-3.3.2-py3-none-any.whl.metadata (5.8 kB)
Collecting python-dateutil>=2.7 (from matplotlib)
  Using cached python_dateutil-2.9.0.post0-py2.py3-none-any.whl.metadata (8.4 kB)
Collecting et-xmlfile (from openpyxl)
  Using cached et_xmlfile-2.0.0-py3-none-any.whl.metadata (2.7 kB)
Collecting six>=1.5 (from python-dateutil>=2.7->matplotlib)
  Using cached six-1.17.0-py2.py3-none-any.whl.metadata (1.7 kB)
Downloading matplotlib-3.11.2-cp313-cp313-win_amd64.whl (9.3 MB)
   ---------------------------------------- 9.3/9.3 MB 28.7 MB/s  0:00:00
Using cached openpyxl-3.1.5-py2.py3-none-any.whl (250 kB)
Downloading contourpy-1.4.0-cp313-cp313-win_amd64.whl (234 kB)
Using cached cycler-0.12.1-py3-none-any.whl (8.3 kB)
Downloading fonttools-4.65.0-cp313-cp313-win_amd64.whl (2.5 MB)
   ---------------------------------------- 2.5/2.5 MB 2.4 MB/s  0:00:00
Downloading kiwisolver-1.5.1-cp313-cp313-win_amd64.whl (70 kB)
Downloading numpy-2.5.3-cp313-cp313-win_amd64.whl (12.6 MB)
   ---------------------------------------- 12.6/12.6 MB 89.1 MB/s  0:00:00
Using cached packaging-26.3-py3-none-any.whl (129 kB)
Using cached pyparsing-3.3.2-py3-none-any.whl (122 kB)
Using cached python_dateutil-2.9.0.post0-py2.py3-none-any.whl (229 kB)
Using cached six-1.17.0-py2.py3-none-any.whl (11 kB)
Using cached et_xmlfile-2.0.0-py3-none-any.whl (18 kB)
Installing collected packages: six, pyparsing, packaging, numpy, kiwisolver, fonttools, et-xmlfile, cycler, python-dateutil, openpyxl, contourpy, matplotlib

Successfully installed contourpy-1.4.0 cycler-0.12.1 et-xmlfile-2.0.0 fonttools-4.65.0 kiwisolver-1.5.1 matplotlib-3.11.2 numpy-2.5.3 openpyxl-3.1.5 packaging-26.3 pyparsing-3.3.2 python-dateutil-2.9.0.post0 six-1.17.0
matplotlib 3.11.2
numpy 2.5.3
openpyxl 3.1.5
EXIT=0
